###############################################################################
#
# IAR ELF Linker V9.20.4.327/W64 for ARM                  25/May/2022  20:11:52
# Copyright 2007-2022 IAR Systems AB.
#
#    Output file  =
#        C:\Users\gabri\Desktop\STM-main\Esercizi\ADC_sine_wave_freq_sweep\Debug\Exe\ADC_sine_wave_freq_sweep.out
#    Map file     =
#        C:\Users\gabri\Desktop\STM-main\Esercizi\ADC_sine_wave_freq_sweep\Debug\List\ADC_sine_wave_freq_sweep.map
#    Command line =
#        -f
#        C:\Users\gabri\Desktop\STM-main\Esercizi\ADC_sine_wave_freq_sweep\Debug\Exe\ADC_sine_wave_freq_sweep.out.rsp
#        (C:\Users\gabri\Desktop\STM-main\Esercizi\ADC_sine_wave_freq_sweep\Debug\Obj\adc.o
#        C:\Users\gabri\Desktop\STM-main\Esercizi\ADC_sine_wave_freq_sweep\Debug\Obj\dac.o
#        C:\Users\gabri\Desktop\STM-main\Esercizi\ADC_sine_wave_freq_sweep\Debug\Obj\main.o
#        C:\Users\gabri\Desktop\STM-main\Esercizi\ADC_sine_wave_freq_sweep\Debug\Obj\signal.o
#        C:\Users\gabri\Desktop\STM-main\Esercizi\ADC_sine_wave_freq_sweep\Debug\Obj\timer.o
#        --no_out_extension -o
#        C:\Users\gabri\Desktop\STM-main\Esercizi\ADC_sine_wave_freq_sweep\Debug\Exe\ADC_sine_wave_freq_sweep.out
#        --map
#        C:\Users\gabri\Desktop\STM-main\Esercizi\ADC_sine_wave_freq_sweep\Debug\List\ADC_sine_wave_freq_sweep.map
#        --config "C:\Program Files\IAR Systems\Embedded Workbench
#        9.0\arm\config\linker\ST\stm32f303xC.icf" --semihosting --entry
#        __iar_program_start --vfe --text_out locale)
#
###############################################################################

*******************************************************************************
*** RUNTIME MODEL ATTRIBUTES
***

CppFlavor       = *
__CPP_Runtime   = 1
__SystemLibrary = DLib
__dlib_version  = 6


*******************************************************************************
*** HEAP SELECTION
***

The basic heap was selected because some modules are built with
size limitations (and not runtime checking), and --advanced_heap
was not specified.


*******************************************************************************
*** PLACEMENT SUMMARY
***

"A0":  place at address 0x800'0000 { ro section .intvec };
"P1":  place in [from 0x800'0000 to 0x803'ffff] { ro };
define block CSTACK with size = 8K, alignment = 8 { };
define block HEAP with size = 8K, alignment = 8 { };
"P2":  place in [from 0x2000'0000 to 0x2000'9fff] {
          rw, block CSTACK, block HEAP };

No sections matched the following patterns:

  rw               in "P2"
  section .ccmram  in "P3"


  Section   Kind         Address    Size  Object
  -------   ----         -------    ----  ------
"A0":                               0x40
  .intvec   ro code   0x800'0000    0x40  vector_table_M.o [4]
                    - 0x800'0040    0x40

"P1":                               0x8c
  .text     ro code   0x800'0040    0x22  fpinit_M.o [3]
  .text     ro code   0x800'0062     0x2  vectortrap_M.o [4]
  .text     ro code   0x800'0064    0x1e  cmain.o [4]
  .text     ro code   0x800'0082     0x4  low_level_init.o [2]
  .text     ro code   0x800'0086     0x4  main.o [1]
  .text     ro code   0x800'008a     0x4  exit.o [2]
  .text     ro code   0x800'0090     0xa  cexit.o [4]
  .text     ro code   0x800'009c    0x14  exit.o [5]
  .text     ro code   0x800'00b0    0x1c  cstartup_M.o [4]
                    - 0x800'00cc    0x8c

"P2":                             0x2000
  CSTACK             0x2000'0000  0x2000  <Block>
    CSTACK  uninit   0x2000'0000  0x2000  <Block tail>
                   - 0x2000'2000  0x2000

Unused ranges:

         From           To      Size
         ----           --      ----
   0x800'00cc   0x803'ffff  0x3'ff34
  0x2000'2000  0x2000'9fff    0x8000



*******************************************************************************
*** MODULE SUMMARY
***

    Module            ro code  rw data
    ------            -------  -------
command line/config:
    ----------------------------------
    Total:

C:\Users\gabri\Desktop\STM-main\Esercizi\ADC_sine_wave_freq_sweep\Debug\Obj: [1]
    main.o                  4
    ----------------------------------
    Total:                  4

dl7M_tln.a: [2]
    exit.o                  4
    low_level_init.o        4
    ----------------------------------
    Total:                  8

m7M_tls.a: [3]
    fpinit_M.o             34
    ----------------------------------
    Total:                 34

rt7M_tl.a: [4]
    cexit.o                10
    cmain.o                30
    cstartup_M.o           28
    vector_table_M.o       64
    vectortrap_M.o          2
    ----------------------------------
    Total:                134

shb_l.a: [5]
    exit.o                 20
    ----------------------------------
    Total:                 20

    Gaps                    4
    Linker created               8'192
--------------------------------------
    Grand Total:          204    8'192


*******************************************************************************
*** ENTRY LIST
***

Entry                     Address  Size  Type      Object
-----                     -------  ----  ----      ------
?main                  0x800'0065        Code  Gb  cmain.o [4]
BusFault_Handler       0x800'0063        Code  Wk  vectortrap_M.o [4]
CSTACK$$Base          0x2000'0000         --   Gb  - Linker created -
CSTACK$$Limit         0x2000'2000         --   Gb  - Linker created -
DebugMon_Handler       0x800'0063        Code  Wk  vectortrap_M.o [4]
HardFault_Handler      0x800'0063        Code  Wk  vectortrap_M.o [4]
MemManage_Handler      0x800'0063        Code  Wk  vectortrap_M.o [4]
NMI_Handler            0x800'0063        Code  Wk  vectortrap_M.o [4]
PendSV_Handler         0x800'0063        Code  Wk  vectortrap_M.o [4]
Region$$Table$$Base           0x0         --   Gb  - Linker created -
Region$$Table$$Limit          0x0         --   Gb  - Linker created -
SVC_Handler            0x800'0063        Code  Wk  vectortrap_M.o [4]
SysTick_Handler        0x800'0063        Code  Wk  vectortrap_M.o [4]
UsageFault_Handler     0x800'0063        Code  Wk  vectortrap_M.o [4]
__cmain                0x800'0065        Code  Gb  cmain.o [4]
__exit                 0x800'009d  0x14  Code  Gb  exit.o [5]
__iar_init_vfp         0x800'0041        Code  Gb  fpinit_M.o [3]
__iar_program_start    0x800'00b1        Code  Gb  cstartup_M.o [4]
__low_level_init       0x800'0083   0x4  Code  Gb  low_level_init.o [2]
__vector_table         0x800'0000        Data  Gb  vector_table_M.o [4]
_call_main             0x800'0071        Code  Gb  cmain.o [4]
_exit                  0x800'0091        Code  Gb  cexit.o [4]
exit                   0x800'008b   0x4  Code  Gb  exit.o [2]
main                   0x800'0087   0x4  Code  Gb  main.o [1]


[1] = C:\Users\gabri\Desktop\STM-main\Esercizi\ADC_sine_wave_freq_sweep\Debug\Obj
[2] = dl7M_tln.a
[3] = m7M_tls.a
[4] = rt7M_tl.a
[5] = shb_l.a

    204 bytes of readonly  code memory
  8'192 bytes of readwrite data memory

Errors: none
Warnings: none
