###############################################################################
#
# IAR ELF Linker V9.20.4.327/W64 for ARM                  17/May/2022  22:10:15
# Copyright 2007-2022 IAR Systems AB.
#
#    Output file  =
#        C:\Users\gabri\Desktop\STM-main\EXAMPLES\generator_lez_13\Debug\Exe\generator_lez_13.out
#    Map file     =
#        C:\Users\gabri\Desktop\STM-main\EXAMPLES\generator_lez_13\Debug\List\generator_lez_13.map
#    Command line =
#        -f
#        C:\Users\gabri\Desktop\STM-main\EXAMPLES\generator_lez_13\Debug\Exe\generator_lez_13.out.rsp
#        (C:\Users\gabri\Desktop\STM-main\EXAMPLES\generator_lez_13\Debug\Obj\functions.o
#        C:\Users\gabri\Desktop\STM-main\EXAMPLES\generator_lez_13\Debug\Obj\main.o
#        --no_out_extension -o
#        C:\Users\gabri\Desktop\STM-main\EXAMPLES\generator_lez_13\Debug\Exe\generator_lez_13.out
#        --map
#        C:\Users\gabri\Desktop\STM-main\EXAMPLES\generator_lez_13\Debug\List\generator_lez_13.map
#        --config "C:\Program Files\IAR Systems\Embedded Workbench
#        9.0\arm\config\linker\ST\stm32f303xC.icf" --semihosting --entry
#        __iar_program_start --vfe --text_out locale)
#
###############################################################################

*******************************************************************************
*** RUNTIME MODEL ATTRIBUTES
***

CppFlavor       = *
__CPP_Runtime   = 1
__SystemLibrary = DLib
__dlib_version  = 6


*******************************************************************************
*** HEAP SELECTION
***

The basic heap was selected because some modules are built with
size limitations (and not runtime checking), and --advanced_heap
was not specified.


*******************************************************************************
*** PLACEMENT SUMMARY
***

"A0":  place at address 0x800'0000 { ro section .intvec };
"P1":  place in [from 0x800'0000 to 0x803'ffff] { ro };
define block CSTACK with size = 8K, alignment = 8 { };
define block HEAP with size = 8K, alignment = 8 { };
"P2":  place in [from 0x2000'0000 to 0x2000'9fff] {
          rw, block CSTACK, block HEAP };
initialize by copy { rw };

No sections matched the following patterns:

  section .ccmram  in "P3"


  Section            Kind         Address    Size  Object
  -------            ----         -------    ----  ------
"A0":                                        0x40
  .intvec            ro code   0x800'0000    0x40  vector_table_M.o [4]
                             - 0x800'0040    0x40

"P1":                                       0x264
  .text              ro code   0x800'0040    0x90  main.o [1]
  .text              ro code   0x800'00d0    0x5e  functions.o [1]
  .text              ro code   0x800'012e    0x38  zero_init3.o [4]
  .text              ro code   0x800'0166    0x2a  copy_init3.o [4]
  .text              ro code   0x800'0190    0x2c  iarttio.o [5]
  .text              ro code   0x800'01bc     0x8  XShttio.o [2]
  .text              ro code   0x800'01c4    0x28  data_init.o [4]
  .text              ro code   0x800'01ec    0x22  fpinit_M.o [3]
  .iar.init_table    const     0x800'0210    0x24  - Linker created -
  .text              ro code   0x800'0234     0x2  vectortrap_M.o [4]
  .text              ro code   0x800'0238    0x1e  cmain.o [4]
  .text              ro code   0x800'0256     0x4  low_level_init.o [2]
  .text              ro code   0x800'025a     0x4  exit.o [2]
  .text              ro code   0x800'0260     0xa  cexit.o [4]
  .text              ro code   0x800'026c    0x14  exit.o [5]
  .text              ro code   0x800'0280    0x1c  cstartup_M.o [4]
  Initializer bytes  const     0x800'029c     0x8  <for P2-1>
  .rodata            const     0x800'02a4     0x0  zero_init3.o [4]
  .rodata            const     0x800'02a4     0x0  copy_init3.o [4]
                             - 0x800'02a4   0x264

"P2", part 1 of 3:                            0x8
  P2-1                        0x2000'0000     0x8  <Init block>
    .data            inited   0x2000'0000     0x8  XShttio.o [2]
                            - 0x2000'0008     0x8

"P2", part 2 of 3:                          0x190
  .bss               zero     0x2000'0008   0x190  main.o [1]
                            - 0x2000'0198   0x190

"P2", part 3 of 3:                         0x2000
  CSTACK                      0x2000'0198  0x2000  <Block>
    CSTACK           uninit   0x2000'0198  0x2000  <Block tail>
                            - 0x2000'2198  0x2000

Unused ranges:

         From           To      Size
         ----           --      ----
   0x800'02a4   0x803'ffff  0x3'fd5c
  0x2000'2198  0x2000'9fff    0x7e68


*******************************************************************************
*** INIT TABLE
***

          Address      Size
          -------      ----
Zero (__iar_zero_init3)
    1 destination range, total size 0x190:
          0x2000'0008  0x190

Copy (__iar_copy_init3)
    1 source range, total size 0x8:
           0x800'029c    0x8
    1 destination range, total size 0x8:
          0x2000'0000    0x8



*******************************************************************************
*** MODULE SUMMARY
***

    Module            ro code  ro data  rw data
    ------            -------  -------  -------
command line/config:
    -------------------------------------------
    Total:

C:\Users\gabri\Desktop\STM-main\EXAMPLES\generator_lez_13\Debug\Obj: [1]
    functions.o            94
    main.o                144               400
    -------------------------------------------
    Total:                238               400

dl7M_tln.a: [2]
    XShttio.o               8        8        8
    exit.o                  4
    low_level_init.o        4
    -------------------------------------------
    Total:                 16        8        8

m7M_tls.a: [3]
    fpinit_M.o             34
    -------------------------------------------
    Total:                 34

rt7M_tl.a: [4]
    cexit.o                10
    cmain.o                30
    copy_init3.o           42
    cstartup_M.o           28
    data_init.o            40
    vector_table_M.o       64
    vectortrap_M.o          2
    zero_init3.o           56
    -------------------------------------------
    Total:                272

shb_l.a: [5]
    exit.o                 20
    iarttio.o              44
    -------------------------------------------
    Total:                 64

    Gaps                    6        2
    Linker created                  36    8'192
-----------------------------------------------
    Grand Total:          630       46    8'600


*******************************************************************************
*** ENTRY LIST
***

Entry                       Address   Size  Type      Object
-----                       -------   ----  ----      ------
.iar.init_table$$Base    0x800'0210          --   Gb  - Linker created -
.iar.init_table$$Limit   0x800'0234          --   Gb  - Linker created -
?main                    0x800'0239         Code  Gb  cmain.o [4]
BusFault_Handler         0x800'0235         Code  Wk  vectortrap_M.o [4]
CSTACK$$Base            0x2000'0198          --   Gb  - Linker created -
CSTACK$$Limit           0x2000'2198          --   Gb  - Linker created -
DebugMon_Handler         0x800'0235         Code  Wk  vectortrap_M.o [4]
HardFault_Handler        0x800'0235         Code  Wk  vectortrap_M.o [4]
MemManage_Handler        0x800'0235         Code  Wk  vectortrap_M.o [4]
NMI_Handler              0x800'0235         Code  Wk  vectortrap_M.o [4]
PendSV_Handler           0x800'0235         Code  Wk  vectortrap_M.o [4]
Region$$Table$$Base      0x800'0210          --   Gb  - Linker created -
Region$$Table$$Limit     0x800'0234          --   Gb  - Linker created -
SVC_Handler              0x800'0235         Code  Wk  vectortrap_M.o [4]
SysTick_Handler          0x800'0235         Code  Wk  vectortrap_M.o [4]
UsageFault_Handler       0x800'0235         Code  Wk  vectortrap_M.o [4]
__cmain                  0x800'0239         Code  Gb  cmain.o [4]
__exit                   0x800'026d   0x14  Code  Gb  exit.o [5]
__iar_close_ttio         0x800'0191   0x2c  Code  Gb  iarttio.o [5]
__iar_copy_init3         0x800'0167   0x2a  Code  Gb  copy_init3.o [4]
__iar_data_init3         0x800'01c5   0x28  Code  Gb  data_init.o [4]
__iar_init_vfp           0x800'01ed         Code  Gb  fpinit_M.o [3]
__iar_lookup_ttioh       0x800'01bd    0x8  Code  Gb  XShttio.o [2]
__iar_program_start      0x800'0281         Code  Gb  cstartup_M.o [4]
__iar_ttio_handles      0x2000'0000    0x8  Data  Lc  XShttio.o [2]
__iar_zero_init3         0x800'012f   0x38  Code  Gb  zero_init3.o [4]
__low_level_init         0x800'0257    0x4  Code  Gb  low_level_init.o [2]
__vector_table           0x800'0000         Data  Gb  vector_table_M.o [4]
_call_main               0x800'0245         Code  Gb  cmain.o [4]
_exit                    0x800'0261         Code  Gb  cexit.o [4]
exit                     0x800'025b    0x4  Code  Gb  exit.o [2]
main                     0x800'0041   0x90  Code  Gb  main.o [1]
triangularWave           0x800'00d1   0x5e  Code  Gb  functions.o [1]
vector                  0x2000'0008  0x190  Data  Gb  main.o [1]


[1] = C:\Users\gabri\Desktop\STM-main\EXAMPLES\generator_lez_13\Debug\Obj
[2] = dl7M_tln.a
[3] = m7M_tls.a
[4] = rt7M_tl.a
[5] = shb_l.a

    630 bytes of readonly  code memory
     46 bytes of readonly  data memory
  8'600 bytes of readwrite data memory

Errors: none
Warnings: none
