###############################################################################
#
# IAR ELF Linker V9.20.4.327/W64 for ARM                  15/Apr/2022  10:31:11
# Copyright 2007-2022 IAR Systems AB.
#
#    Output file  =
#        C:\Users\gabri\Desktop\STM\PROGRAMMI\ESERCIZI\Esercizio_01_timer\Debug\Exe\Esercizio_01_timer.out
#    Map file     =
#        C:\Users\gabri\Desktop\STM\PROGRAMMI\ESERCIZI\Esercizio_01_timer\Debug\List\Esercizio_01_timer.map
#    Command line =
#        -f
#        C:\Users\gabri\Desktop\STM\PROGRAMMI\ESERCIZI\Esercizio_01_timer\Debug\Exe\Esercizio_01_timer.out.rsp
#        (C:\Users\gabri\Desktop\STM\PROGRAMMI\ESERCIZI\Esercizio_01_timer\Debug\Obj\main.o
#        --no_out_extension -o
#        C:\Users\gabri\Desktop\STM\PROGRAMMI\ESERCIZI\Esercizio_01_timer\Debug\Exe\Esercizio_01_timer.out
#        --map
#        C:\Users\gabri\Desktop\STM\PROGRAMMI\ESERCIZI\Esercizio_01_timer\Debug\List\Esercizio_01_timer.map
#        --config "C:\Program Files\IAR Systems\Embedded Workbench
#        9.0\arm\config\linker\ST\stm32f303xC.icf" --semihosting --entry
#        __iar_program_start --vfe --text_out locale)
#
###############################################################################

*******************************************************************************
*** RUNTIME MODEL ATTRIBUTES
***

CppFlavor       = *
__CPP_Runtime   = 1
__SystemLibrary = DLib
__dlib_version  = 6


*******************************************************************************
*** HEAP SELECTION
***

The basic heap was selected because some modules are built with
size limitations (and not runtime checking), and --advanced_heap
was not specified.


*******************************************************************************
*** PLACEMENT SUMMARY
***

"A0":  place at address 0x800'0000 { ro section .intvec };
"P1":  place in [from 0x800'0000 to 0x803'ffff] { ro };
define block CSTACK with size = 8K, alignment = 8 { };
define block HEAP with size = 8K, alignment = 8 { };
"P2":  place in [from 0x2000'0000 to 0x2000'9fff] {
          rw, block CSTACK, block HEAP };
initialize by copy { rw };

No sections matched the following patterns:

  section .ccmram  in "P3"


  Section            Kind         Address    Size  Object
  -------            ----         -------    ----  ------
"A0":                                        0x40
  .intvec            ro code   0x800'0000    0x40  vector_table_M.o [4]
                             - 0x800'0040    0x40

"P1":                                       0x1f8
  .text              ro code   0x800'0040    0xec  main.o [1]
  .text              ro code   0x800'012c    0x2a  copy_init3.o [4]
  .text              ro code   0x800'0156     0x2  vectortrap_M.o [4]
  .text              ro code   0x800'0158    0x28  data_init.o [4]
  .text              ro code   0x800'0180    0x22  fpinit_M.o [3]
  .iar.init_table    const     0x800'01a4    0x14  - Linker created -
  .text              ro code   0x800'01b8    0x1e  cmain.o [4]
  .text              ro code   0x800'01d6     0x4  low_level_init.o [2]
  .text              ro code   0x800'01da     0x4  exit.o [2]
  .text              ro code   0x800'01e0     0xa  cexit.o [4]
  .text              ro code   0x800'01ec    0x14  exit.o [5]
  .text              ro code   0x800'0200    0x1c  cstartup_M.o [4]
  Initializer bytes  const     0x800'021c    0x1c  <for P2-1>
  .rodata            const     0x800'0238     0x0  copy_init3.o [4]
                             - 0x800'0238   0x1f8

"P2", part 1 of 2:                           0x1c
  P2-1                        0x2000'0000    0x1c  <Init block>
    .data            inited   0x2000'0000     0xc  main.o [1]
    .data            inited   0x2000'000c     0x4  main.o [1]
    .data            inited   0x2000'0010     0x8  main.o [1]
    .bss             inited   0x2000'0018     0x4  main.o [1]
                            - 0x2000'001c    0x1c

"P2", part 2 of 2:                         0x2000
  CSTACK                      0x2000'0020  0x2000  <Block>
    CSTACK           uninit   0x2000'0020  0x2000  <Block tail>
                            - 0x2000'2020  0x2000

Unused ranges:

         From           To      Size
         ----           --      ----
   0x800'0238   0x803'ffff  0x3'fdc8
  0x2000'001c  0x2000'001f       0x4
  0x2000'2020  0x2000'9fff    0x7fe0


*******************************************************************************
*** INIT TABLE
***

          Address      Size
          -------      ----
Copy (__iar_copy_init3)
    1 source range, total size 0x1c:
           0x800'021c  0x1c
    1 destination range, total size 0x1c:
          0x2000'0000  0x1c



*******************************************************************************
*** MODULE SUMMARY
***

    Module            ro code  ro data  rw data
    ------            -------  -------  -------
command line/config:
    -------------------------------------------
    Total:

C:\Users\gabri\Desktop\STM\PROGRAMMI\ESERCIZI\Esercizio_01_timer\Debug\Obj: [1]
    main.o                236       28       28
    -------------------------------------------
    Total:                236       28       28

dl7M_tln.a: [2]
    exit.o                  4
    low_level_init.o        4
    -------------------------------------------
    Total:                  8

m7M_tls.a: [3]
    fpinit_M.o             34
    -------------------------------------------
    Total:                 34

rt7M_tl.a: [4]
    cexit.o                10
    cmain.o                30
    copy_init3.o           42
    cstartup_M.o           28
    data_init.o            40
    vector_table_M.o       64
    vectortrap_M.o          2
    -------------------------------------------
    Total:                216

shb_l.a: [5]
    exit.o                 20
    -------------------------------------------
    Total:                 20

    Gaps                    4        2
    Linker created                  20    8'192
-----------------------------------------------
    Grand Total:          518       50    8'220


*******************************************************************************
*** ENTRY LIST
***

Entry                       Address  Size  Type      Object
-----                       -------  ----  ----      ------
.iar.init_table$$Base    0x800'01a4         --   Gb  - Linker created -
.iar.init_table$$Limit   0x800'01b8         --   Gb  - Linker created -
?main                    0x800'01b9        Code  Gb  cmain.o [4]
BusFault_Handler         0x800'0157        Code  Wk  vectortrap_M.o [4]
CSTACK$$Base            0x2000'0020         --   Gb  - Linker created -
CSTACK$$Limit           0x2000'2020         --   Gb  - Linker created -
DebugMon_Handler         0x800'0157        Code  Wk  vectortrap_M.o [4]
GpioA_config            0x2000'0018   0x4  Data  Lc  main.o [1]
GpioA_init               0x800'00f1   0xa  Code  Gb  main.o [1]
GpioE_config            0x2000'000c   0x4  Data  Lc  main.o [1]
GpioE_init               0x800'00fb   0xa  Code  Gb  main.o [1]
HardFault_Handler        0x800'0157        Code  Wk  vectortrap_M.o [4]
MemManage_Handler        0x800'0157        Code  Wk  vectortrap_M.o [4]
NMI_Handler              0x800'0157        Code  Wk  vectortrap_M.o [4]
PendSV_Handler           0x800'0157        Code  Wk  vectortrap_M.o [4]
RCC_init                 0x800'0105  0x12  Code  Gb  main.o [1]
Rcc_config              0x2000'0010   0x8  Data  Lc  main.o [1]
Region$$Table$$Base      0x800'01a4         --   Gb  - Linker created -
Region$$Table$$Limit     0x800'01b8         --   Gb  - Linker created -
SVC_Handler              0x800'0157        Code  Wk  vectortrap_M.o [4]
SysTick_Handler          0x800'0157        Code  Wk  vectortrap_M.o [4]
Timer3_config           0x2000'0000   0xc  Data  Lc  main.o [1]
Timer3_init              0x800'0117  0x16  Code  Gb  main.o [1]
UsageFault_Handler       0x800'0157        Code  Wk  vectortrap_M.o [4]
__cmain                  0x800'01b9        Code  Gb  cmain.o [4]
__exit                   0x800'01ed  0x14  Code  Gb  exit.o [5]
__iar_copy_init3         0x800'012d  0x2a  Code  Gb  copy_init3.o [4]
__iar_data_init3         0x800'0159  0x28  Code  Gb  data_init.o [4]
__iar_init_vfp           0x800'0181        Code  Gb  fpinit_M.o [3]
__iar_program_start      0x800'0201        Code  Gb  cstartup_M.o [4]
__low_level_init         0x800'01d7   0x4  Code  Gb  low_level_init.o [2]
__vector_table           0x800'0000        Data  Gb  vector_table_M.o [4]
_call_main               0x800'01c5        Code  Gb  cmain.o [4]
_exit                    0x800'01e1        Code  Gb  cexit.o [4]
exit                     0x800'01db   0x4  Code  Gb  exit.o [2]
main                     0x800'0041  0x7e  Code  Gb  main.o [1]
timer_has_ended          0x800'00e9   0x8  Code  Gb  main.o [1]


[1] = C:\Users\gabri\Desktop\STM\PROGRAMMI\ESERCIZI\Esercizio_01_timer\Debug\Obj
[2] = dl7M_tln.a
[3] = m7M_tls.a
[4] = rt7M_tl.a
[5] = shb_l.a

    518 bytes of readonly  code memory
     50 bytes of readonly  data memory
  8'220 bytes of readwrite data memory

Errors: none
Warnings: none
