###############################################################################
#
# IAR ELF Linker V9.20.4.327/W64 for ARM                  01/Jul/2022  12:53:57
# Copyright 2007-2022 IAR Systems AB.
#
#    Output file  =
#        C:\Users\gabri\Desktop\STM-main\Esercizi\Metodi_di_misura\partitore_resistivo_variant\Debug\Exe\partitore_resistivo_variant.out
#    Map file     =
#        C:\Users\gabri\Desktop\STM-main\Esercizi\Metodi_di_misura\partitore_resistivo_variant\Debug\List\partitore_resistivo_variant.map
#    Command line =
#        -f
#        C:\Users\gabri\Desktop\STM-main\Esercizi\Metodi_di_misura\partitore_resistivo_variant\Debug\Exe\partitore_resistivo_variant.out.rsp
#        (C:\Users\gabri\Desktop\STM-main\Esercizi\Metodi_di_misura\partitore_resistivo_variant\Debug\Obj\main.o
#        C:\Users\gabri\Desktop\STM-main\Esercizi\Metodi_di_misura\partitore_resistivo_variant\Debug\Obj\startup_stm32f30x.o
#        C:\Users\gabri\Desktop\STM-main\Esercizi\Metodi_di_misura\partitore_resistivo_variant\Debug\Obj\system_stm32f30x.o
#        --no_out_extension -o
#        C:\Users\gabri\Desktop\STM-main\Esercizi\Metodi_di_misura\partitore_resistivo_variant\Debug\Exe\partitore_resistivo_variant.out
#        --map
#        C:\Users\gabri\Desktop\STM-main\Esercizi\Metodi_di_misura\partitore_resistivo_variant\Debug\List\partitore_resistivo_variant.map
#        --config "C:\Program Files\IAR Systems\Embedded Workbench
#        9.0\arm\config\linker\ST\stm32f303xC.icf" --semihosting --entry
#        __iar_program_start --vfe --text_out locale)
#
###############################################################################

*******************************************************************************
*** RUNTIME MODEL ATTRIBUTES
***

CppFlavor       = *
__CPP_Runtime   = 1
__SystemLibrary = DLib
__dlib_version  = 6


*******************************************************************************
*** HEAP SELECTION
***

The basic heap was selected because some modules are built with
size limitations (and not runtime checking), and --advanced_heap
was not specified.


*******************************************************************************
*** PLACEMENT SUMMARY
***

"A0":  place at address 0x800'0000 { ro section .intvec };
"P1":  place in [from 0x800'0000 to 0x803'ffff] { ro };
define block CSTACK with size = 8K, alignment = 8 { };
define block HEAP with size = 8K, alignment = 8 { };
"P2":  place in [from 0x2000'0000 to 0x2000'9fff] {
          rw, block CSTACK, block HEAP };

No sections matched the following patterns:

  rw               in "P2"
  section .ccmram  in "P3"


  Section   Kind         Address    Size  Object
  -------   ----         -------    ----  ------
"A0":                              0x188
  .intvec   ro code   0x800'0000   0x188  startup_stm32f30x.o [1]
                    - 0x800'0188   0x188

"P1":                              0x338
  .text     ro code   0x800'0188   0x128  system_stm32f30x.o [1]
  .text     ro code   0x800'02b0    0x4c  main.o [1]
  .text     ro code   0x800'02fc    0x22  fpinit_M.o [3]
  .text     ro code   0x800'0320    0x1e  cmain.o [4]
  .text     ro code   0x800'033e     0x4  low_level_init.o [2]
  .text     ro code   0x800'0342     0x4  exit.o [2]
  .text     ro code   0x800'0348     0xa  cexit.o [4]
  .text     ro code   0x800'0354    0x14  exit.o [5]
  .text     ro code   0x800'0368    0x1c  cstartup_M.o [4]
  .text     ro code   0x800'0384    0x10  startup_stm32f30x.o [1]
  .text     ro code   0x800'0394     0x4  startup_stm32f30x.o [1]
  .text     ro code   0x800'0398     0x4  startup_stm32f30x.o [1]
  .text     ro code   0x800'039c     0x4  startup_stm32f30x.o [1]
  .text     ro code   0x800'03a0     0x4  startup_stm32f30x.o [1]
  .text     ro code   0x800'03a4     0x4  startup_stm32f30x.o [1]
  .text     ro code   0x800'03a8     0x4  startup_stm32f30x.o [1]
  .text     ro code   0x800'03ac     0x4  startup_stm32f30x.o [1]
  .text     ro code   0x800'03b0     0x4  startup_stm32f30x.o [1]
  .text     ro code   0x800'03b4     0x4  startup_stm32f30x.o [1]
  .text     ro code   0x800'03b8     0x4  startup_stm32f30x.o [1]
  .text     ro code   0x800'03bc     0x4  startup_stm32f30x.o [1]
  .text     ro code   0x800'03c0     0x4  startup_stm32f30x.o [1]
  .text     ro code   0x800'03c4     0x4  startup_stm32f30x.o [1]
  .text     ro code   0x800'03c8     0x4  startup_stm32f30x.o [1]
  .text     ro code   0x800'03cc     0x4  startup_stm32f30x.o [1]
  .text     ro code   0x800'03d0     0x4  startup_stm32f30x.o [1]
  .text     ro code   0x800'03d4     0x4  startup_stm32f30x.o [1]
  .text     ro code   0x800'03d8     0x4  startup_stm32f30x.o [1]
  .text     ro code   0x800'03dc     0x4  startup_stm32f30x.o [1]
  .text     ro code   0x800'03e0     0x4  startup_stm32f30x.o [1]
  .text     ro code   0x800'03e4     0x4  startup_stm32f30x.o [1]
  .text     ro code   0x800'03e8     0x4  startup_stm32f30x.o [1]
  .text     ro code   0x800'03ec     0x4  startup_stm32f30x.o [1]
  .text     ro code   0x800'03f0     0x4  startup_stm32f30x.o [1]
  .text     ro code   0x800'03f4     0x4  startup_stm32f30x.o [1]
  .text     ro code   0x800'03f8     0x4  startup_stm32f30x.o [1]
  .text     ro code   0x800'03fc     0x4  startup_stm32f30x.o [1]
  .text     ro code   0x800'0400     0x4  startup_stm32f30x.o [1]
  .text     ro code   0x800'0404     0x4  startup_stm32f30x.o [1]
  .text     ro code   0x800'0408     0x4  startup_stm32f30x.o [1]
  .text     ro code   0x800'040c     0x4  startup_stm32f30x.o [1]
  .text     ro code   0x800'0410     0x4  startup_stm32f30x.o [1]
  .text     ro code   0x800'0414     0x4  startup_stm32f30x.o [1]
  .text     ro code   0x800'0418     0x4  startup_stm32f30x.o [1]
  .text     ro code   0x800'041c     0x4  startup_stm32f30x.o [1]
  .text     ro code   0x800'0420     0x4  startup_stm32f30x.o [1]
  .text     ro code   0x800'0424     0x4  startup_stm32f30x.o [1]
  .text     ro code   0x800'0428     0x4  startup_stm32f30x.o [1]
  .text     ro code   0x800'042c     0x4  startup_stm32f30x.o [1]
  .text     ro code   0x800'0430     0x4  startup_stm32f30x.o [1]
  .text     ro code   0x800'0434     0x4  startup_stm32f30x.o [1]
  .text     ro code   0x800'0438     0x4  startup_stm32f30x.o [1]
  .text     ro code   0x800'043c     0x4  startup_stm32f30x.o [1]
  .text     ro code   0x800'0440     0x4  startup_stm32f30x.o [1]
  .text     ro code   0x800'0444     0x4  startup_stm32f30x.o [1]
  .text     ro code   0x800'0448     0x4  startup_stm32f30x.o [1]
  .text     ro code   0x800'044c     0x4  startup_stm32f30x.o [1]
  .text     ro code   0x800'0450     0x4  startup_stm32f30x.o [1]
  .text     ro code   0x800'0454     0x4  startup_stm32f30x.o [1]
  .text     ro code   0x800'0458     0x4  startup_stm32f30x.o [1]
  .text     ro code   0x800'045c     0x4  startup_stm32f30x.o [1]
  .text     ro code   0x800'0460     0x4  startup_stm32f30x.o [1]
  .text     ro code   0x800'0464     0x4  startup_stm32f30x.o [1]
  .text     ro code   0x800'0468     0x4  startup_stm32f30x.o [1]
  .text     ro code   0x800'046c     0x4  startup_stm32f30x.o [1]
  .text     ro code   0x800'0470     0x4  startup_stm32f30x.o [1]
  .text     ro code   0x800'0474     0x4  startup_stm32f30x.o [1]
  .text     ro code   0x800'0478     0x4  startup_stm32f30x.o [1]
  .text     ro code   0x800'047c     0x4  startup_stm32f30x.o [1]
  .text     ro code   0x800'0480     0x4  startup_stm32f30x.o [1]
  .text     ro code   0x800'0484     0x4  startup_stm32f30x.o [1]
  .text     ro code   0x800'0488     0x4  startup_stm32f30x.o [1]
  .text     ro code   0x800'048c     0x4  startup_stm32f30x.o [1]
  .text     ro code   0x800'0490     0x4  startup_stm32f30x.o [1]
  .text     ro code   0x800'0494     0x4  startup_stm32f30x.o [1]
  .text     ro code   0x800'0498     0x4  startup_stm32f30x.o [1]
  .text     ro code   0x800'049c     0x4  startup_stm32f30x.o [1]
  .text     ro code   0x800'04a0     0x4  startup_stm32f30x.o [1]
  .text     ro code   0x800'04a4     0x4  startup_stm32f30x.o [1]
  .text     ro code   0x800'04a8     0x4  startup_stm32f30x.o [1]
  .text     ro code   0x800'04ac     0x4  startup_stm32f30x.o [1]
  .text     ro code   0x800'04b0     0x4  startup_stm32f30x.o [1]
  .text     ro code   0x800'04b4     0x4  startup_stm32f30x.o [1]
  .text     ro code   0x800'04b8     0x4  startup_stm32f30x.o [1]
  .text     ro code   0x800'04bc     0x4  startup_stm32f30x.o [1]
                    - 0x800'04c0   0x338

"P2":                             0x2000
  CSTACK             0x2000'0000  0x2000  <Block>
    CSTACK  uninit   0x2000'0000  0x2000  <Block tail>
                   - 0x2000'2000  0x2000

Unused ranges:

         From           To      Size
         ----           --      ----
   0x800'04c0   0x803'ffff  0x3'fb40
  0x2000'2000  0x2000'9fff    0x8000



*******************************************************************************
*** MODULE SUMMARY
***

    Module               ro code  rw data
    ------               -------  -------
command line/config:
    -------------------------------------
    Total:

C:\Users\gabri\Desktop\STM-main\Esercizi\Metodi_di_misura\partitore_resistivo_variant\Debug\Obj: [1]
    main.o                    76
    startup_stm32f30x.o      708
    system_stm32f30x.o       296
    -------------------------------------
    Total:                 1'080

dl7M_tln.a: [2]
    exit.o                     4
    low_level_init.o           4
    -------------------------------------
    Total:                     8

m7M_tls.a: [3]
    fpinit_M.o                34
    -------------------------------------
    Total:                    34

rt7M_tl.a: [4]
    cexit.o                   10
    cmain.o                   30
    cstartup_M.o              28
    -------------------------------------
    Total:                    68

shb_l.a: [5]
    exit.o                    20
    -------------------------------------
    Total:                    20

    Gaps                       6
    Linker created                  8'192
-----------------------------------------
    Grand Total:           1'216    8'192


*******************************************************************************
*** ENTRY LIST
***

Entry                     Address  Size  Type      Object
-----                     -------  ----  ----      ------
?main                  0x800'0321        Code  Gb  cmain.o [4]
CSTACK$$Base          0x2000'0000         --   Gb  - Linker created -
CSTACK$$Limit         0x2000'2000         --   Gb  - Linker created -
Region$$Table$$Base           0x0         --   Gb  - Linker created -
Region$$Table$$Limit          0x0         --   Gb  - Linker created -
SetSysClock            0x800'01e9  0x9a  Code  Lc  system_stm32f30x.o [1]
SystemInit             0x800'0189  0x60  Code  Gb  system_stm32f30x.o [1]
__cmain                0x800'0321        Code  Gb  cmain.o [4]
__exit                 0x800'0355  0x14  Code  Gb  exit.o [5]
__iar_init_vfp         0x800'02fd        Code  Gb  fpinit_M.o [3]
__iar_program_start    0x800'0369        Code  Gb  cstartup_M.o [4]
__low_level_init       0x800'033f   0x4  Code  Gb  low_level_init.o [2]
__vector_table         0x800'0000        Data  Gb  startup_stm32f30x.o [1]
_call_main             0x800'032d        Code  Gb  cmain.o [4]
_exit                  0x800'0349        Code  Gb  cexit.o [4]
exit                   0x800'0343   0x4  Code  Gb  exit.o [2]
main                   0x800'02b1  0x4c  Code  Gb  main.o [1]


[1] = C:\Users\gabri\Desktop\STM-main\Esercizi\Metodi_di_misura\partitore_resistivo_variant\Debug\Obj
[2] = dl7M_tln.a
[3] = m7M_tls.a
[4] = rt7M_tl.a
[5] = shb_l.a

  1'216 bytes of readonly  code memory
  8'192 bytes of readwrite data memory

Errors: none
Warnings: none
